lib/gcc/i686-pc-mingw32/3.4.4/security/libgcj.security
lib/gcc/i686-pc-mingw32/3.4.4/security/classpath.security
lib/gcc/i686-pc-mingw32/3.4.4/security/
lib/gcc/i686-pc-mingw32/3.4.4/pkgconfig/libgcj.pc
lib/gcc/i686-pc-mingw32/3.4.4/pkgconfig/
lib/gcc/i686-pc-mingw32/3.4.4/logging.properties
lib/gcc/i686-pc-mingw32/3.4.4/libgcj.spec
lib/gcc/i686-pc-mingw32/3.4.4/libgcj.la
lib/gcc/i686-pc-mingw32/3.4.4/libgcj.a
lib/gcc/i686-pc-mingw32/3.4.4/libffi.la
lib/gcc/i686-pc-mingw32/3.4.4/libffi.a
lib/gcc/i686-pc-mingw32/3.4.4/lib-org-xml-sax.la
lib/gcc/i686-pc-mingw32/3.4.4/lib-org-xml-sax.a
lib/gcc/i686-pc-mingw32/3.4.4/lib-org-w3c-dom.la
lib/gcc/i686-pc-mingw32/3.4.4/lib-org-w3c-dom.a
lib/gcc/i686-pc-mingw32/3.4.4/jvgenmain.exe
lib/gcc/i686-pc-mingw32/3.4.4/jc1.exe
lib/gcc/i686-pc-mingw32/3.4.4/include/libffi/ffitarget.h
lib/gcc/i686-pc-mingw32/3.4.4/include/libffi/
lib/gcc/i686-pc-mingw32/3.4.4/include/gcj/libgcj-config.h
lib/gcc/i686-pc-mingw32/3.4.4/include/gcj/
lib/gcc/i686-pc-mingw32/3.4.4/include/
lib/gcc/i686-pc-mingw32/3.4.4/
lib/gcc/i686-pc-mingw32/
lib/gcc/
lib/
